{
  "resourceType": "AuditEvent",
  "text": {
    "status": "generated",
    "div": "<div>Disclosure by some idiot, for marketing reasons, to places unknown, of a Poor Sap, data about Everthing important.</div>"
  },
  "type": {
    "system": "http://nema.org/dicom/dicm",
    "code": "110106",
    "display": "Export"
  },
  "subtype": [
    {
      "code": "Disclosure",
      "display": "HIPAA disclosure"
    }
  ],
  "action": "R",
  "recorded": "2013-09-22T00:08:00Z",
  "outcome": "0",
  "outcomeDesc": "Successful  Disclosure",
  "agent": [
    {
      "role": [
        {
          "coding": [
            {
              "system": "http://nema.org/dicom/dicm",
              "code": "110153",
              "display": "Source Role ID"
            }
          ]
        }
      ],
      "who": {
        "identifier": {
          "value": "SomeIdiot@nowhere.com"
        }
      },
      "altId": "notMe",
      "name": "That guy everyone wishes would be caught",
      "requestor": true,
      "location": {
        "reference": "Location/1"
      },
      "policy": [
        "http://consent.com/yes"
      ],
      "network": {
        "address": "custodian.net",
        "type": "1"
      }
    },
    {
      "role": [
        {
          "coding": [
            {
              "system": "http://nema.org/dicom/dicm",
              "code": "110152",
              "display": "Destination Role ID"
            }
          ]
        }
      ],
      "who": {
        "reference": "Practitioner/example",
        "identifier": {
          "value": "Where"
        }
      },
      "requestor": false,
      "network": {
        "address": "marketing.land",
        "type": "1"
      }
    }
  ],
  "source": {
    "site": "Watcher",
    "observer": {
      "identifier": {
        "value": "Watchers Accounting of Disclosures Application"
      }
    },
    "type": [
      {
        "system": "http://hl7.org/fhir/security-source-type",
        "code": "4",
        "display": "Application Server"
      }
    ]
  },
  "entity": [
    {
      "what": {
        "reference": "Patient/example"
      },
      "type": {
        "system": "http://hl7.org/fhir/object-type",
        "code": "1",
        "display": "Person"
      },
      "role": {
        "system": "http://hl7.org/fhir/valueset-object-role",
        "code": "1",
        "display": "Patient"
      }
    },
    {
      "what": {
        "reference": "Patient/example/_history/1",
        "identifier": {
          "value": "What.id"
        }
      },
      "type": {
        "system": "http://hl7.org/fhir/object-type",
        "code": "2",
        "display": "System Object"
      },
      "role": {
        "system": "http://hl7.org/fhir/valueset-object-role",
        "code": "4",
        "display": "DomainResource"
      },
      "lifecycle": {
        "system": "http://hl7.org/fhir/object-lifecycle",
        "code": "11",
        "display": "Disclosure"
      },
      "securityLabel": [
        {
          "system": "http://hl7.org/fhir/v3/Confidentiality",
          "code": "V",
          "display": "very restricted"
        },
        {
          "system": "http://hl7.org/fhir/v3/ActCode",
          "code": "STD",
          "display": "sexually transmitted disease information sensitivity"
        },
        {
          "system": "http://hl7.org/fhir/v3/ActCode",
          "code": "DELAU",
          "display": "delete after use"
        }
      ],
      "name": "Namne of What",
      "description": "data about Everthing important"
    }
  ]
}