<?xml version="1.0" encoding="UTF-8"?>

<AuditEvent xmlns="http://hl7.org/fhir">
  <text>
    <status value="generated"/><div xmlns="http://www.w3.org/1999/xhtml"><p><b>Generated Narrative with Details</b></p><p><b>id</b>: example-rest</p><p><b>type</b>: Restful Operation (Details: http://hl7.org/fhir/audit-event-type code rest = 'RESTful Operation', stated as 'Restful Operation')</p><p><b>subtype</b>: vread (Details: http://hl7.org/fhir/restful-interaction code vread = 'vread', stated as 'vread')</p><p><b>action</b>: R</p><p><b>recorded</b>: 20/06/2013 11:42:24 PM</p><p><b>outcome</b>: 0</p><blockquote><p><b>agent</b></p><p><b>userId</b>: 95</p><p><b>altId</b>: 601847123</p><p><b>name</b>: Grahame Grieve</p><p><b>requestor</b>: true</p></blockquote><blockquote><p><b>agent</b></p><p><b>role</b>: Source Role ID <span>(Details : {DICOM code '110153' = 'Source Role ID', given as 'Source Role ID'})</span></p><p><b>userId</b>: 2.16.840.1.113883.4.2|2.16.840.1.113883.4.2</p><p><b>altId</b>: 6580</p><p><b>requestor</b>: false</p><h3>Networks</h3><table><tr><td>-</td><td><b>Address</b></td><td><b>Type</b></td></tr><tr><td>*</td><td>Workstation1.ehr.familyclinic.com</td><td>1</td></tr></table></blockquote><h3>Sources</h3><table><tr><td>-</td><td><b>Site</b></td><td><b>Identifier</b></td><td><b>Type</b></td></tr><tr><td>*</td><td>Cloud</td><td>hl7connect.healthintersections.com.au</td><td>Web Server (Details: http://hl7.org/fhir/security-source-type code 3 = 'Web Server', stated as 'Web Server')</td></tr></table><h3>Entities</h3><table><tr><td>-</td><td><b>Reference</b></td><td><b>Type</b></td><td><b>Lifecycle</b></td></tr><tr><td>*</td><td><a>Patient/example/_history/1</a></td><td>System Object (Details: http://hl7.org/fhir/object-type code 2 = '2', stated as 'System Object')</td><td>Access / Use (Details: http://hl7.org/fhir/dicom-audit-lifecycle code 6 = 'Access / Use', stated as 'Access / Use')</td></tr></table></div>
  </text>
  <type>
    <system value="http://hl7.org/fhir/audit-event-type"/>
    <code value="rest"/>
    <display value="Restful Operation"/>
  </type>
  <subtype>
    <system value="http://hl7.org/fhir/restful-interaction"/>
    <code value="vread"/>
    <display value="vread"/>
  </subtype>
  <action value="R"/>
  <recorded value="2013-06-20T23:42:24Z"/>
  <outcome value="0"/>
  <agent>
    <who>
      <identifier>
        <value value="95"/>
      </identifier>
    </who>
    <altId value="601847123"/>
    <name value="Grahame Grieve"/>
    <requestor value="true"/>
  </agent>
  <agent>
    <role>
      <coding>
        <system value="http://dicom.nema.org/resources/ontology/DCM"/>
        <code value="110153"/>
        <display value="Source Role ID"/>
      </coding>
    </role>
    <who>
      <identifier>
        <value value="2.16.840.1.113883.4.2|2.16.840.1.113883.4.2"/>
      </identifier>
    </who>
    <altId value="6580"/>
    <requestor value="false"/>
    <network>
      <address value="Workstation1.ehr.familyclinic.com"/>
      <type value="1"/>
    </network>
  </agent>
  <source>
    <site value="Cloud"/>
    <observer>
      <identifier>
        <value value="hl7connect.healthintersections.com.au"/>
      </identifier>
    </observer>
    <type>
      <system value="http://hl7.org/fhir/security-source-type"/>
      <code value="3"/>
      <display value="Web Server"/>
    </type>
  </source>
  <entity>
    <what>
      <reference value="Patient/example/_history/1"/>
    </what>
    <type>
      <system value="http://hl7.org/fhir/object-type"/>
      <code value="2"/>
      <display value="System Object"/>
    </type>
    <lifecycle>
      <system value="http://hl7.org/fhir/dicom-audit-lifecycle"/>
      <code value="6"/>
      <display value="Access / Use"/>
    </lifecycle>
  </entity>
</AuditEvent>