{
  "resourceType": "SearchParameter",
  "url": "http://hl7.org/fhir/SearchParameter/codesystem-extensions-CodeSystem-author",
  "name": "author",
  "code": "author",
  "type": "string",
  "xpath": "f:CodeSystem/f:extension[@url='http://hl7.org/fhir/StructureDefinition/codesystem-author'] | /f:#author",
  "xpathUsage": "normal"
}