{
  "resourceType": "Communication",
  "text": {
    "status": "generated",
    "div": "<div>Patient has very high serum potassium</div>"
  },
  "identifier": [
    {
      "type": {
        "text": "Paging System"
      },
      "system": "urn:oid:1.3.4.5.6.7",
      "value": "2345678901"
    }
  ],
  "category": [
    {
      "coding": [
        {
          "system": "http://acme.org/messagetypes",
          "code": "Alert"
        }
      ],
      "text": "Alert"
    }
  ],
  "subject": {
    "reference": "Patient/1"
  },
  "sent": "2014-12-12T18:01:10-08:00",
  "recipient": [
    {
      "reference": "Practitioner/21"
    }
  ],
  "sender": {
    "reference": "Device/f001"
  },
  "payload": [
    {
      "contentString": "Patient 1 has a very high serum potassium value (7.2 mmol/L on 2014-Dec-12 at 5:55 pm)"
    },
    {
      "contentReference": {
        "reference": "Observation/643666aa12f"
      }
    }
  ]
}