<?xml version="1.0" encoding="UTF-8"?>

<Communication xmlns="http://hl7.org/fhir">
  <text>
    <status value="generated"/><div xmlns="http://www.w3.org/1999/xhtml">Attachment which is unsolicited</div>
  </text>
  <identifier>
    <system value="http://www.providerco.com/communication"/>
    <value value="12345"/>
  </identifier>
  <category>
    <coding>
      <system value="http://acme.org/messagetypes"/>
      <code value="SolicitedAttachment"/>
    </coding>
  </category>
  <subject>
    <reference value="Patient/1"/>
  </subject>
  <recipient>
    <identifier>
      <system value="http://www.jurisdiction.com/insurer"/>
      <value value="123456"/>
    </identifier>
  </recipient>
  <extension url="http://hl7.org/fhir/3.0/StructureDefinition/extension-Communication.topic">
    <valueReference>
    <!--   reference value="#claim"/   -->
      <identifier>
        <system value="http://happyvalley.com/claim"/>
        <value value="12345"/>
      </identifier>
    </valueReference>
  </extension>
  <extension url="http://hl7.org/fhir/3.0/StructureDefinition/extension-Communication.topic">
    <valueReference>
    <!--   reference value="#claimresponse"/   -->
      <identifier>
        <system value="http://www.BenefitsInc.com/fhir/claimresponse"/>
        <value value="R3500"/>
      </identifier>
    </valueReference>
  </extension>
  <sent value="2016-06-12T18:01:10-08:00"/>
  <sender>
    <identifier>
      <system value="http://www.jurisdiction.com/provideroffices"/>
      <value value="3456"/>
    </identifier>
  </sender>
  <payload>
    <contentAttachment>
      <contentType value="application/pdf"/>
      <data value="SGVsbG8="/>
      <title value="accident notes 20100201.pdf"/>
      <creation value="2010-02-01T11:50:23-05:00"/>
    </contentAttachment>
  </payload>
  <payload>
    <contentAttachment>
      <contentType value="application/pdf"/>
      <url value="http://happyvalley.com/docs/AB12345"/>
      <size value="104274"/>
      <hash value="SGVsbG8gdGhlcmU="/>
      <creation value="2010-02-01T10:57:34+01:00"/>
    </contentAttachment>
  </payload>
</Communication>