<?xml version="1.0" encoding="UTF-8"?>

<Condition xmlns="http://hl7.org/fhir">
  <meta>
    <security>
      <system value="http://hl7.org/fhir/v3/ActCode"/>
      <code value="TBOO"/>
      <display value="taboo"/>
    </security>
  </meta>
  <text>
    <status value="generated"/><div xmlns="http://www.w3.org/1999/xhtml"><p><b>Generated Narrative with Details</b></p><p><b>id</b>: f202</p><p><b>meta</b>: </p><p><b>clinicalStatus</b>: resolved</p><p><b>verificationStatus</b>: confirmed</p><p><b>category</b>: Encounter Diagnosis <span>(Details : {http://hl7.org/fhir/condition-category code 'encounter-diagnosis' = 'Encounter Diagnosis)</span></p><p><b>severity</b>: Severe <span>(Details : {SNOMED CT code '24484000' = 'Severe', given as 'Severe'})</span></p><p><b>code</b>: Malignant neoplastic disease <span>(Details : {SNOMED CT code '363346000' = 'Malignant tumour', given as 'Malignant neoplastic disease'})</span></p><p><b>bodySite</b>: Entire head and neck <span>(Details : {SNOMED CT code '361355005' = 'Entire head and neck', given as 'Entire head and neck'})</span></p><p><b>subject</b>: <a>Roel</a></p><p><b>onset</b>: 52 years<span> (Details: UCUM code a = 'a')</span></p><p><b>abatement</b>: 54 years<span> (Details: UCUM code a = 'a')</span></p><p><b>assertedDate</b>: 01/12/2012</p><h3>Evidences</h3><table><tr><td>-</td><td><b>Detail</b></td></tr><tr><td>*</td><td><a>Erasmus' diagnostic report of Roel's tumor</a></td></tr></table></div>
  </text>
  <clinicalStatus>
    <coding>
      <system value="http://terminology.hl7.org/CodeSystem/condition-clinical"/>
      <code value="resolved"/>
    </coding>
  </clinicalStatus>
  <verificationStatus>
    <coding>
      <system value="http://terminology.hl7.org/CodeSystem/condition-ver-status"/>
      <code value="confirmed"/>
    </coding>
  </verificationStatus>
  <category>
    <coding>
      <system value="http://hl7.org/fhir/condition-category"/>
      <code value="encounter-diagnosis"/>
    </coding>
  </category>
  <severity>
    <coding>
      <system value="http://snomed.info/sct"/>
      <code value="24484000"/>
      <display value="Severe"/>
    </coding>
  </severity>
  <code>
    <coding>
      <system value="http://snomed.info/sct"/>
      <code value="363346000"/>
      <display value="Malignant neoplastic disease"/>
    </coding>
  </code>
  <bodySite>
    <coding>
      <system value="http://snomed.info/sct"/>
      <code value="361355005"/>
      <display value="Entire head and neck"/>
    </coding>
  </bodySite>
  <subject>
    <reference value="Patient/f201"/>
    <display value="Roel"/>
  </subject>
  <recordedDate value="2012-12-01"/>
  <abatementAge>
    <value value="54"/>
    <unit value="years"/>
    <system value="http://unitsofmeasure.org"/>
    <code value="a"/>
  </abatementAge>
  <onsetAge>
    <value value="52"/>
    <unit value="years"/>
    <system value="http://unitsofmeasure.org"/>
    <code value="a"/>
  </onsetAge>
  <evidence>
    <detail>
      <reference value="DiagnosticReport/f201"/>
      <display value="Erasmus&#39; diagnostic report of Roel&#39;s tumor"/>
    </detail>
  </evidence>
</Condition>