<?xml version="1.0" encoding="UTF-8"?>

<Contract xmlns="http://hl7.org/fhir">
  <text>
    <status value="generated"/><div xmlns="http://www.w3.org/1999/xhtml">A human-readable rendering of the contract</div>
  </text>
  <identifier>
    <system value="http://happyvalley.com/contract"/>
    <value value="12347"/>
  </identifier>
</Contract>