{
  "resourceType": "Contract",
  "text": {
    "status": "generated",
    "div": "<div>A human-readable rendering of the contract</div>"
  }
}