{
  "resourceType": "DetectedIssue",
  "text": {
    "status": "generated",
    "div": "<div>[Put rendering here]</div>"
  }
}