<?xml version="1.0" encoding="UTF-8"?>

<CoverageEligibilityResponse xmlns="http://hl7.org/fhir">
  <text>
    <status value="generated"/><div xmlns="http://www.w3.org/1999/xhtml">A human-readable rendering of the EligibilityResponse.</div>
  </text>
  <identifier>
    <system value="http://www.BenefitsInc.com/fhir/eligibilityresponse"/>
    <value value="881234"/>
  </identifier>
  <status value="active"/>
  <created value="2014-08-16"/>
  <request>
    <reference value="http://www.BenefitsInc.com/fhir/eligibility/225476332402"/>
  </request>
  <outcome value="complete"/>
  <disposition value="Policy is currently in-force."/>
  <insurer>
    <reference value="Organization/2"/>
  </insurer>
</CoverageEligibilityResponse>