<?xml version="1.0" encoding="UTF-8"?>

<Encounter xmlns="http://hl7.org/fhir">
  <text>
    <status value="generated"/><div xmlns="http://www.w3.org/1999/xhtml"><p><b>Generated Narrative with Details</b></p><p><b>id</b>: f201</p><p><b>identifier</b>: Encounter_Roel_20130404 (TEMP)</p><p><b>status</b>: finished</p><p><b>class</b>: ambulatory (Details: http://hl7.org/fhir/v3/ActCode code AMB = 'ambulatory', stated as 'ambulatory')</p><p><b>type</b>: Consultation <span>(Details : {SNOMED CT code '11429006' = 'Consultation', given as 'Consultation'})</span></p><p><b>priority</b>: Normal <span>(Details : {SNOMED CT code '17621005' = 'Normal', given as 'Normal'})</span></p><p><b>subject</b>: <a>Roel</a></p><h3>Participants</h3><table><tr><td>-</td><td><b>Individual</b></td></tr><tr><td>*</td><td><a>Practitioner/f201</a></td></tr></table><p><b>reason</b>: The patient had fever peaks over the last couple of days. He is worried about these peaks. <span>(Details )</span></p><p><b>serviceProvider</b>: <a>Organization/f201</a></p></div>
  </text>
  <identifier>
    <use value="temp"/>
    <value value="Encounter_Roel_20130404"/>
  </identifier>
  <status value="finished"/>
  <class>
    <system value="http://hl7.org/fhir/v3/ActCode"/>
    <code value="AMB"/>
    <display value="ambulatory"/>
  </class>
  <type>
    <coding>
      <system value="http://snomed.info/sct"/>
      <code value="11429006"/>
      <display value="Consultation"/>
    </coding>
  </type>
  <priority>
    <coding>
      <system value="http://snomed.info/sct"/>
      <code value="17621005"/>
      <display value="Normal"/>
    </coding>
  </priority>
  <subject>
    <reference value="Patient/f201"/>
    <display value="Roel"/>
  </subject>
  <participant>
    <individual>
      <reference value="Practitioner/f201"/>
    </individual>
  </participant>
  <reasonCode>
    <text value="The patient had fever peaks over the last couple of days. He is worried about these peaks."/>
  </reasonCode>
  <serviceProvider>
    <reference value="Organization/f201"/>
  </serviceProvider>
</Encounter>