{
  "resourceType": "Flag",
  "text": {
    "status": "generated",
    "div": "<div>Follow Infection Control Level 3 Protocol</div>"
  },
  "status": "active",
  "category": [
    {
      "coding": [
        {
          "system": "http://example.org/local",
          "code": "infection",
          "display": "Infection Control Level"
        }
      ]
    }
  ],
  "code": {
    "coding": [
      {
        "system": "http://example.org/local/if1",
        "code": "l3",
        "display": "Follow Level 3 Protocol"
      }
    ]
  },
  "subject": {
    "reference": "Patient/example",
    "display": "Peter Patient"
  },
  "encounter": {
    "reference": "Encounter/example"
  }
}