{
  "resourceType": "Goal",
  "text": {
    "status": "additional",
    "div": "<div>\n\t\t\t<p> A simple care goal for a patient to lose weight due to obesity.</p>\n\t\t</div>"
  },
  "extension": [
    {
      "extension": [
        {
          "url": "measure",
          "valueCodeableConcept": {
            "coding": [
              {
                "system": "http://loinc.org",
                "code": "3141-9",
                "display": "Weight Measured"
              }
            ]
          }
        },
        {
          "url": "detail",
          "valueRange": {
            "low": {
              "value": 160,
              "unit": "lbs",
              "system": "http://unitsofmeasure.org",
              "code": "[lb_av]"
            },
            "high": {
              "value": 180,
              "unit": "lbs",
              "system": "http://unitsofmeasure.org",
              "code": "[lb_av]"
            }
          }
        }
      ],
      "url": "http://hl7.org/fhir/StructureDefinition/goal-target"
    }
  ],
  "lifecycleStatus": "active",
  "achievementStatus": {
    "coding": [
      {
        "system": "http://terminology.hl7.org/CodeSystem/goal-achievement",
        "code": "in-progress"
      }
    ]
  },
  "subject": {
    "reference": "Patient/example",
    "display": "Peter James Chalmers"
  },
  "addresses": [
    {
      "reference": "Condition/12345",
      "display": "obesity"
    }
  ]
}