{
  "resourceType": "Medication",
  "text": {
    "status": "generated",
    "div": "<div>Amox S 250 Sus 250mg/5ml</div>"
  },
  "code": {
    "coding": [
      {
        "system": "http://hc-sc.gc.ca",
        "code": "00628115",
        "display": "Apo-Amoxi Cap 250mg"
      }
    ]
  },
  "extension": [
    {
      "url": "hhttp://hl7.org/fhir/3.0/StructureDefinition/extension-Medication.isBrand",
      "valueBoolean": true
    }
  ]
}