{
  "resourceType": "Medication",
  "text": {
    "status": "generated",
    "div": "<div>Amoxicillin 250mg/5ml Suspension</div>"
  },
  "code": {
    "text": "Amoxicillin 250mg/5ml Suspension"
  }
}