{
  "resourceType": "Medication",
  "text": {
    "status": "generated",
    "div": "<div>Tylenol No. 1 Caplets</div>"
  },
  "code": {
    "coding": [
      {
        "system": "http://hc-sc.gc.ca",
        "code": "02181061",
        "display": "Tylenol No. 1 Caplets"
      }
    ]
  },
  "extension": [
    {
      "url": "hhttp://hl7.org/fhir/3.0/StructureDefinition/extension-Medication.isBrand",
      "valueBoolean": true
    }
  ]
}