{
  "resourceType": "OperationDefinition",
  "text": {
    "status": "generated",
    "div": "<div><h2>Release Task</h2><p>OPERATION: Release Task</p><div><p>Release a previously reserved task.  The task owner is cleared and the task is transitioned to the Ready state.</p>\n</div><p>Parameters</p><table class=\"grid\"><tr><td><b>Use</b></td><td><b>Name</b></td><td><b>Cardinality</b></td><td><b>Type</b></td><td><b>Binding</b></td><td><b>Documentation</b></td></tr></table></div>"
  },
  "url": "http://hl7.org/fhir/OperationDefinition/Task-release",
  "name": "Release Task",
  "status": "draft",
  "kind": "operation",
  "date": "2016-03-31T08:01:25+11:00",
  "publisher": "HL7 (FHIR Project)",
  "contact": [
    {
      "telecom": [
        {
          "system": "other",
          "value": "http://hl7.org/fhir"
        },
        {
          "system": "email",
          "value": "fhir@lists.hl7.org"
        }
      ]
    }
  ],
  "description": "Release a previously reserved task.  The task owner is cleared and the task is transitioned to the Ready state.",
  "code": "release",
  "system": false,
  "instance": true
}