{
  "resourceType": "ServiceRequest",
  "text": {
    "status": "generated",
    "div": "<div>To be added</div>"
  },
  "extension": [
    {
      "url": "http://hl7.org/fhir/3.0/StructureDefinition/BaseType",
      "valueString": "ProcedureRequest"
    }
  ],
  "code": {
    "coding": [
      {
        "system": "http://snomed.info/sct",
        "code": "303653007",
        "display": "Computed tomography of head"
      }
    ]
  },
  "subject": {
    "reference": "Patient/example"
  }
}