<?xml version="1.0" encoding="UTF-8"?>

<ServiceRequest xmlns="http://hl7.org/fhir">
  <text>
    <status value="generated"/><div xmlns="http://www.w3.org/1999/xhtml"><p><b>Generated Narrative with Details</b></p><p><b>id</b>: do-not-turn</p><p><b>identifier</b>: 20170201-0002</p><p><b>status</b>: active</p><p><b>intent</b>: order</p><p><b>priority</b>: stat</p><p><b>doNotPerform</b>: true</p><p><b>code</b>: Turning patient in bed (procedure) <span>(Details : {SNOMED CT code '359962006' = 'Turning patient in bed', given as 'Turning patient in bed (procedure)'})</span></p><p><b>subject</b>: <a>Patient/example</a></p><p><b>authoredOn</b>: 01/02/2017 5:23:07 PM</p><h3>Requesters</h3><table><tr><td>-</td><td><b>Agent</b></td></tr><tr><td>*</td><td><a>Dr Adam Careful</a></td></tr></table><p><b>reasonReference</b>: Patient has a spinal fracture</p></div>
  </text>
  <extension url="http://hl7.org/fhir/3.0/StructureDefinition/BaseType">
    <valueString value="ProcedureRequest"/>
  </extension>
  <identifier>
    <system value="http://goodhealth.org/placer-ids"/>
    <value value="20170201-0002"/>
  </identifier>
  <status value="active"/>
  <intent value="order"/>
  <priority value="stat"/>
  <doNotPerform value="true"/>
  <code>
    <coding>
      <system value="http://snomed.info/sct"/>
      <code value="359962006"/>
      <display value="Turning patient in bed (procedure)"/>
    </coding>
  </code>
  <subject>
    <reference value="Patient/example"/>
  </subject>
  <authoredOn value="2017-02-01T17:23:07Z"/>
  <requester>
    <reference value="Practitioner/example"/>
    <display value="Dr Adam Careful"/>
  </requester>
  <reasonReference>
    <display value="Patient has a spinal fracture"/>
  </reasonReference>
</ServiceRequest>