<?xml version="1.0" encoding="UTF-8"?>

<ServiceRequest xmlns="http://hl7.org/fhir">
  <text>
    <status value="generated"/><div xmlns="http://www.w3.org/1999/xhtml"><p><b>Generated Narrative with Details</b></p><p><b>id</b>: ft4</p><p><b>status</b>: active</p><p><b>intent</b>: reflex-order</p><p><b>code</b>: Free T4 <span>(Details : {LOINC code '3024-7' = 'Thyroxine (T4) free [Mass/volume] in Serum or Plasma', given as 'Thyroxine (T4) free [Mass/​volume] in Serum or Plasma'})</span></p><p><b>subject</b>: <a>Patient/pat2</a></p><p><b>occurrence</b>: 27/08/2015 9:33:27 AM</p><h3>Requesters</h3><table><tr><td>-</td><td><b>Agent</b></td></tr><tr><td>*</td><td><a>Practitioner/example</a></td></tr></table></div>
  </text>
  <extension url="http://hl7.org/fhir/3.0/StructureDefinition/BaseType">
    <valueString value="ProcedureRequest"/>
  </extension>
  <status value="active"/>
  <intent value="reflex-order"/>
  <code>
    <coding>
      <system value="http://loinc.org"/>
      <code value="3024-7"/>
      <display value="Thyroxine (T4) free [Mass/​volume] in Serum or Plasma"/>
    </coding>
    <text value="Free T4"/>
  </code>
  <subject>
    <reference value="Patient/pat2"/>
  </subject>
  <occurrenceDateTime value="2015-08-27T09:33:27+07:00"/>
  <requester>
    <reference value="Practitioner/example"/>
  </requester>
</ServiceRequest>