{
  "resourceType": "ValueSet",
  "meta": {
    "lastUpdated": "2016-03-31T08:01:25.570+11:00",
    "profile": [
      "http://hl7.org/fhir/StructureDefinition/valueset-shareable-definition"
    ]
  },
  "text": {
    "status": "generated",
    "div": "<div><h2>Body Length Units</h2><p>UCUM units for recording Body Length measures such as height and head circumference</p><p><b>Copyright Statement:</b> UCUM is Copyright &copy; 1999-2013 Regenstrief Institute, Inc. and The UCUM Organization, Indianapolis, IN. All rights reserved. See http://unitsofmeasure.org/trac//wiki/TermsOfUse for details</p><p>This value set includes codes from the following code systems:</p><ul><li>Include these codes as defined in http://unitsofmeasure.org<table><tr><td><b>Code</b></td><td><b>Display</b></td></tr><tr><td>cm</td><td>cm</td><td/></tr><tr><td>[in_i]</td><td>in_i</td><td/></tr></table></li></ul></div>"
  },
  "extension": [
    {
      "url": "http://hl7.org/fhir/StructureDefinition/valueset-oid",
      "valueUri": "urn:oid:2.16.840.1.113883.4.642.2.886"
    },
    {
      "url": "http://hl7.org/fhir/3.0/StructureDefinition/extension-ValueSet.extensible",
      "valueBoolean": false
    }
  ],
  "url": "http://hl7.org/fhir/ValueSet/ucum-bodylength",
  "version": "1.4.0",
  "name": "Body Length Units",
  "status": "draft",
  "experimental": true,
  "date": "2016-03-31T08:01:25+11:00",
  "publisher": "FHIR Project",
  "contact": [
    {
      "telecom": [
        {
          "system": "other",
          "value": "http://hl7.org/fhir"
        },
        {
          "system": "email",
          "value": "fhir@lists.hl7.org"
        }
      ]
    }
  ],
  "description": "UCUM units for recording Body Length measures such as height and head circumference",
  "copyright": "UCUM is Copyright Â© 1999-2013 Regenstrief Institute, Inc. and The UCUM Organization, Indianapolis, IN. All rights reserved. See http://unitsofmeasure.org/trac//wiki/TermsOfUse for details",
  "compose": {
    "include": [
      {
        "system": "http://unitsofmeasure.org",
        "concept": [
          {
            "code": "cm"
          },
          {
            "code": "[in_i]"
          }
        ]
      }
    ]
  }
}