{
  "resourceType": "ValueSet",
  "meta": {
    "lastUpdated": "2016-03-31T08:01:25.570+11:00",
    "profile": [
      "http://hl7.org/fhir/StructureDefinition/valueset-shareable-definition"
    ]
  },
  "text": {
    "status": "generated",
    "div": "<div><h2>ReferralMethod</h2><p>The methods of referral can be used when referring to a specific HealthCareService resource.</p><p>This value set includes codes from the following code systems:</p><ul><li>Include all codes defined in <a href=\"codesystem-service-referral-method.html\">http://hl7.org/fhir/service-referral-method</a></li></ul></div>"
  },
  "extension": [
    {
      "url": "http://hl7.org/fhir/StructureDefinition/valueset-oid",
      "valueUri": "urn:oid:2.16.840.1.113883.4.642.2.301"
    }
  ],
  "url": "http://hl7.org/fhir/ValueSet/service-referral-method",
  "version": "1.4.0",
  "name": "ReferralMethod",
  "status": "draft",
  "experimental": false,
  "date": "2016-03-31T08:01:25+11:00",
  "publisher": "HL7 (FHIR Project)",
  "contact": [
    {
      "telecom": [
        {
          "system": "other",
          "value": "http://hl7.org/fhir"
        },
        {
          "system": "email",
          "value": "fhir@lists.hl7.org"
        }
      ]
    }
  ],
  "description": "The methods of referral can be used when referring to a specific HealthCareService resource.",
  "compose": {
    "include": [
      {
        "system": "http://hl7.org/fhir/service-referral-method"
      }
    ]
  }
}