{
  "resourceType": "ValueSet",
  "meta": {
    "lastUpdated": "2016-03-31T08:01:25.570+11:00",
    "profile": [
      "http://hl7.org/fhir/StructureDefinition/valueset-shareable-definition"
    ]
  },
  "text": {
    "status": "generated",
    "div": "<div><h2>Vital Signs Units</h2><p>Common UCUM units for recording Vital Signs</p><p><b>Copyright Statement:</b> UCUM is Copyright &copy; 1999-2013 Regenstrief Institute, Inc. and The UCUM Organization, Indianapolis, IN. All rights reserved. See http://unitsofmeasure.org/trac//wiki/TermsOfUse for details</p><p>This value set includes codes from the following code systems:</p><ul><li>Include these codes as defined in http://unitsofmeasure.org<table><tr><td><b>Code</b></td><td><b>Display</b></td></tr><tr><td>%</td><td>percent</td><td/></tr><tr><td>cm</td><td>centimeter</td><td/></tr><tr><td>[in_i]</td><td>inch (international)</td><td/></tr><tr><td>kg</td><td>kilogram</td><td/></tr><tr><td>g</td><td>gram</td><td/></tr><tr><td>[lb_av]</td><td>pound (US and British)</td><td/></tr><tr><td>Cel</td><td>degree Celsius</td><td/></tr><tr><td>[degF]</td><td>degree Fahrenheit</td><td/></tr><tr><td>mm[Hg]</td><td>millimeter of mercury</td><td/></tr><tr><td>/min</td><td>per minute</td><td/></tr><tr><td>kg/m2</td><td>kilogram / (meter ^ 2)</td><td/></tr><tr><td>m2</td><td>square meter</td><td/></tr></table></li></ul></div>"
  },
  "extension": [
    {
      "url": "http://hl7.org/fhir/StructureDefinition/valueset-oid",
      "valueUri": "urn:oid:2.16.840.1.113883.4.642.2.883"
    },
    {
      "url": "http://hl7.org/fhir/3.0/StructureDefinition/extension-ValueSet.extensible",
      "valueBoolean": true
    }
  ],
  "url": "http://hl7.org/fhir/ValueSet/ucum-vitals-common",
  "version": "1.4.0",
  "name": "Vital Signs Units",
  "status": "draft",
  "experimental": true,
  "date": "2016-03-31T08:01:25+11:00",
  "publisher": "FHIR Project",
  "contact": [
    {
      "telecom": [
        {
          "system": "other",
          "value": "http://hl7.org/fhir"
        },
        {
          "system": "email",
          "value": "fhir@lists.hl7.org"
        }
      ]
    }
  ],
  "description": "Common UCUM units for recording Vital Signs",
  "copyright": "UCUM is Copyright Â© 1999-2013 Regenstrief Institute, Inc. and The UCUM Organization, Indianapolis, IN. All rights reserved. See http://unitsofmeasure.org/trac//wiki/TermsOfUse for details",
  "compose": {
    "include": [
      {
        "system": "http://unitsofmeasure.org",
        "concept": [
          {
            "code": "%",
            "display": "percent"
          },
          {
            "code": "cm",
            "display": "centimeter"
          },
          {
            "code": "[in_i]",
            "display": "inch (international)"
          },
          {
            "code": "kg",
            "display": "kilogram"
          },
          {
            "code": "g",
            "display": "gram"
          },
          {
            "code": "[lb_av]",
            "display": "pound (US and British)"
          },
          {
            "code": "Cel",
            "display": "degree Celsius"
          },
          {
            "code": "[degF]",
            "display": "degree Fahrenheit"
          },
          {
            "code": "mm[Hg]",
            "display": "millimeter of mercury"
          },
          {
            "code": "/min",
            "display": "per minute"
          },
          {
            "code": "kg/m2",
            "display": "kilogram / (meter ^ 2)"
          },
          {
            "code": "m2",
            "display": "square meter"
          }
        ]
      }
    ]
  }
}