{
  "resourceType": "ValueSet",
  "meta": {
    "lastUpdated": "2016-03-31T08:01:25.570+11:00",
    "profile": [
      "http://hl7.org/fhir/StructureDefinition/valueset-shareable-definition"
    ]
  },
  "text": {
    "status": "generated",
    "div": "<div><h2>Context of Use ValueSet</h2><p>This value set defines a base set of codes that can be used to indicate that the content in a resource was developed with a focus and intent of supporting use within particular contexts.</p><p>This value set includes codes from the following code systems:</p><ul><li>Import all the codes that are contained in <a href=\"valueset-usps-state.html\">http://hl7.org/fhir/ValueSet/usps-state</a></li><li>Import all the codes that are contained in <a href=\"valueset-practitioner-specialty.html\">http://hl7.org/fhir/ValueSet/practitioner-specialty</a></li><li>Include all codes defined in urn:iso:std:iso:3166</li><li>Include all codes defined in http://unstats.un.org/unsd/methods/m49/m49.htm</li></ul></div>"
  },
  "extension": [
    {
      "url": "http://hl7.org/fhir/StructureDefinition/valueset-oid",
      "valueUri": "urn:oid:2.16.840.1.113883.4.642.2.18"
    }
  ],
  "url": "http://hl7.org/fhir/ValueSet/use-context",
  "version": "1.4.0",
  "name": "Context of Use ValueSet",
  "status": "draft",
  "experimental": true,
  "date": "2016-03-31T08:01:25+11:00",
  "publisher": "FHIR Project team",
  "contact": [
    {
      "telecom": [
        {
          "system": "other",
          "value": "http://hl7.org/fhir"
        }
      ]
    }
  ],
  "description": "This value set defines a base set of codes that can be used to indicate that the content in a resource was developed with a focus and intent of supporting use within particular contexts.",
  "compose": {
    "include": [
      {
        "system": "urn:iso:std:iso:3166"
      },
      {
        "system": "http://unstats.un.org/unsd/methods/m49/m49.htm"
      }
    ]
  }
}