{
  "resourceType": "ValueSet",
  "meta": {
    "lastUpdated": "2016-03-31T08:01:25.570+11:00",
    "profile": [
      "http://hl7.org/fhir/StructureDefinition/valueset-shareable-definition"
    ]
  },
  "text": {
    "status": "generated",
    "div": "<div><h2>Identifier Type Codes</h2><p>A coded type for an identifier that can be used to determine which identifier to use for a specific purpose.</p><p>This value set includes codes from the following code systems:</p><ul><li>Include these codes as defined in <a href=\"v2/0203/index.html\">http://hl7.org/fhir/v2/0203</a><table><tr><td><b>Code</b></td><td><b>Display</b></td></tr><tr><td>DL</td><td>Driver's license number</td><td/></tr><tr><td>PPN</td><td>Passport number</td><td/></tr><tr><td>BRN</td><td>Breed Registry Number</td><td/></tr><tr><td>MR</td><td>Medical record number</td><td/></tr><tr><td>MCN</td><td>Microchip Number</td><td/></tr><tr><td>EN</td><td>Employer number</td><td/></tr><tr><td>TAX</td><td>Tax ID number</td><td/></tr><tr><td>NIIP</td><td>National Insurance Payor Identifier (Payor)</td><td/></tr><tr><td>PRN</td><td>Provider number</td><td/></tr><tr><td>MD</td><td>Medical License number</td><td/></tr><tr><td>DR</td><td>Donor Registration Number</td><td/></tr></table></li><li>Include all codes defined in <a href=\"codesystem-identifier-type.html\">http://hl7.org/fhir/identifier-type</a></li></ul></div>"
  },
  "extension": [
    {
      "url": "http://hl7.org/fhir/StructureDefinition/valueset-warning",
      "valueMarkdown": "Types are for general categories of identifiers. See [the identifier registry](identifier-registry.html) for a list of common identifier systems"
    },
    {
      "url": "http://hl7.org/fhir/StructureDefinition/valueset-oid",
      "valueUri": "urn:oid:2.16.840.1.113883.4.642.2.30"
    }
  ],
  "url": "http://hl7.org/fhir/ValueSet/identifier-type",
  "version": "1.4.0",
  "name": "Identifier Type Codes",
  "status": "draft",
  "experimental": true,
  "date": "2016-03-31T08:01:25+11:00",
  "publisher": "HL7 (FHIR Project)",
  "contact": [
    {
      "telecom": [
        {
          "system": "other",
          "value": "http://hl7.org/fhir"
        }
      ]
    }
  ],
  "description": "A coded type for an identifier that can be used to determine which identifier to use for a specific purpose.",
  "compose": {
    "include": [
      {
        "system": "http://hl7.org/fhir/v2/0203",
        "concept": [
          {
            "code": "DL"
          },
          {
            "code": "PPN"
          },
          {
            "code": "BRN"
          },
          {
            "code": "MR"
          },
          {
            "code": "MCN"
          },
          {
            "code": "EN"
          },
          {
            "code": "TAX"
          },
          {
            "code": "NIIP"
          },
          {
            "code": "PRN"
          },
          {
            "code": "MD"
          },
          {
            "code": "DR"
          }
        ]
      },
      {
        "system": "http://hl7.org/fhir/identifier-type"
      }
    ]
  }
}